Microchip MPLAB XC8 Compiler V1.12 ()

Linker command line:

--edf=C:\Program Files (x86)\Microchip\xc8\v1.12\dat\en_msgs.txt -cs \
  -h+dist/default/production\pic_lightbarrier.production.sym -z -Q18F25J11 \
  -ol.obj -Mdist/default/production/pic_lightbarrier.production.map -E1 \
  -ver=XC8 -ACODE=00h-07FF7h -ACONST=00h-07FF7h \
  -ASMALLCONST=0F00h-0FFFhx112,07F00h-07FF7h -AMEDIUMCONST=0F00h-07FF7h \
  -ACOMRAM=01h-05Fh -AABS1=00h-0EBFh -ABIGRAM=01h-0EBFh \
  -ARAM=060h-0FFh,0100h-01FFhx13,0E00h-0EBFh -ABANK0=060h-0FFh \
  -ABANK1=0100h-01FFh -ABANK2=0200h-02FFh -ABANK3=0300h-03FFh \
  -ABANK4=0400h-04FFh -ABANK5=0500h-05FFh -ABANK6=0600h-06FFh \
  -ABANK7=0700h-07FFh -ABANK8=0800h-08FFh -ABANK9=0900h-09FFh \
  -ABANK10=0A00h-0AFFh -ABANK11=0B00h-0BFFh -ABANK12=0C00h-0CFFh \
  -ABANK13=0D00h-0DFFh -ABANK14=0E00h-0EBFh \
  -ASFR=0EC0h-0EFFh,0F00h-0F5Fh,0F60h-0FFFh \
  -preset_vec=00h,intcode=08h,intcodelo,powerup,init,end_init \
  -pramtop=0F00h -psmallconst=SMALLCONST -pmediumconst=MEDIUMCONST \
  -pconst=CONST -AFARRAM=00h-00h -ACONFIG=07FF8h-07FFFh -pconfig=CONFIG \
  -pjflash_buffer=07800h \
  -prdata=COMRAM,nvrram=COMRAM,nvbit=COMRAM,rbss=COMRAM,rbit=COMRAM \
  -pfarbss=FARRAM,fardata=FARRAM \
  -pintsave_regs=BIGRAM,bigbss=BIGRAM,bigdata=BIGRAM -pbss=RAM \
  -pidata=CODE,irdata=CODE,ibigdata=CODE,ifardata=CODE \
  C:\Users\Nicolas\AppData\Local\Temp\s50s.obj \
  dist/default/production\pic_lightbarrier.production.obj 

Object code version is 3.10

Machine type is 18F25J11

Call graph: (short form)




                Name                               Link     Load   Length Selector   Space Scale
C:\Users\Nicolas\AppData\Local\Temp\s50s.obj
                end_init                            13A      13A        4        4       0
                reset_vec                             0        0        4        0       0
                config                             7FF8     7FF8        8     7FF8       0
dist/default/production\pic_lightbarrier.production.obj
                intcode                               8        8      132        4       0
                text1                               13E      13E       22        4       0
                text0                               160      160        C        4       0
                cstackCOMRAM                          1        1       1C        1       1
                bssCOMRAM                            1D       1D        2        1       1
                cinit                               16C      16C        A        4       0

TOTAL           Name                               Link     Load   Length     Space
        CLASS   CODE           
                end_init                            13A      13A        4         0
                intcode                               8        8      132         0
                reset_vec                             0        0        4         0
                text1                               13E      13E       22         0
                text0                               160      160        C         0
                cinit                               16C      16C        A         0

        CLASS   CONST          

        CLASS   SMALLCONST     

        CLASS   MEDIUMCONST    

        CLASS   COMRAM         
                cstackCOMRAM                          1        1       1C         1
                bssCOMRAM                            1D       1D        2         1

        CLASS   ABS1           

        CLASS   BIGRAM         

        CLASS   RAM            

        CLASS   BANK0          

        CLASS   BANK1          

        CLASS   BANK2          

        CLASS   BANK3          

        CLASS   BANK4          

        CLASS   BANK5          

        CLASS   BANK6          

        CLASS   BANK7          

        CLASS   BANK8          

        CLASS   BANK9          

        CLASS   BANK10         

        CLASS   BANK11         

        CLASS   BANK12         

        CLASS   BANK13         

        CLASS   BANK14         

        CLASS   SFR            

        CLASS   FARRAM         

        CLASS   CONFIG         
                config                             7FF8     7FF8        8         0

        CLASS   IDLOC          



SEGMENTS        Name                           Load    Length   Top    Selector   Space  Class

                reset_vec                      000000  000004  000004         0       0  CODE    
                cstackCOMRAM                   000001  00001E  00001F         1       1  COMRAM  
                intcode                        000008  00016E  000176         4       0  CODE    
                config                         007FF8  000008  008000      7FF8       0  CONFIG  


UNUSED ADDRESS RANGES

        Name                Unused          Largest block    Delta
        BANK0            0060-00FF             A0
        BANK1            0100-01FF            100
        BANK10           0A00-0AFF            100
        BANK11           0B00-0BFF            100
        BANK12           0C00-0CFF            100
        BANK13           0D00-0DFF            100
        BANK14           0E00-0EBF             C0
        BANK2            0200-02FF            100
        BANK3            0300-03FF            100
        BANK4            0400-04FF            100
        BANK5            0500-05FF            100
        BANK6            0600-06FF            100
        BANK7            0700-07FF            100
        BANK8            0800-08FF            100
        BANK9            0900-09FF            100
        BIGRAM           001F-0EBF            EA1
        CODE             0004-0007              4
                         0176-7FF7           7E82
        COMRAM           001F-005F             41
        CONST            0004-0007              4
                         0176-7FF7           7E82
        MEDIUMCONST      0F00-7FF7           70F8
        RAM              0060-0EBF            100
        SFR              0EC0-0FFF             60
        SMALLCONST       0F00-7FF7            100

                                  Symbol Table

_GIE                                 (abs)         7F97
_OSCCON                              (abs)         0FD3
_PEIE                                (abs)         7F96
_PORTA                               (abs)         0F80
_PORTB                               (abs)         0F81
_PORTC                               (abs)         0F82
_PR2                                 (abs)         0FCB
_RA0                                 (abs)         7C00
_RA1                                 (abs)         7C01
_RB3                                 (abs)         7C0B
_RC0                                 (abs)         7C10
_RC1                                 (abs)         7C11
_RC2                                 (abs)         7C12
_RC3                                 (abs)         7C13
_RC4                                 (abs)         7C14
_RC5                                 (abs)         7C15
_RC6                                 (abs)         7C16
_T0IE                                (abs)         7F95
_T0IF                                (abs)         7F92
_T2CON                               (abs)         0FCA
_TMR0                                (abs)         0FD6
_TMR0IE                              (abs)         7F95
_TMR0IF                              (abs)         7F92
_TMR2IE                              (abs)         7CE9
_TMR2IF                              (abs)         7CF1
_TRISA                               (abs)         0F92
_TRISB                               (abs)         0F93
_TRISC                               (abs)         0F94
__CFG_CP0$OFF                        (abs)         0000
__CFG_DSBOREN$OFF                    (abs)         0000
__CFG_DSWDTEN$OFF                    (abs)         0000
__CFG_DSWDTOSC$INTOSCREF             (abs)         0000
__CFG_DSWDTPS$G2                     (abs)         0000
__CFG_FCMEN$ON                       (abs)         0000
__CFG_IESO$ON                        (abs)         0000
__CFG_IOL1WAY$ON                     (abs)         0000
__CFG_LPT1OSC$OFF                    (abs)         0000
__CFG_MSSP7B_EN$MSK7                 (abs)         0000
__CFG_OSC$INTOSC                     (abs)         0000
__CFG_RTCOSC$INTOSCREF               (abs)         0000
__CFG_STVREN$ON                      (abs)         0000
__CFG_T1DIG$OFF                      (abs)         0000
__CFG_WDTEN$OFF                      (abs)         0000
__CFG_WDTPS$32768                    (abs)         0000
__CFG_WPCFG$OFF                      (abs)         0000
__CFG_WPDIS$OFF                      (abs)         0000
__CFG_WPEND$PAGE_WPFP                (abs)         0000
__CFG_WPFP$PAGE_31                   (abs)         0000
__CFG_XINST$OFF                      (abs)         0000
__HRAM                               (abs)         0000
__Habs1                              abs1          0000
__Hbank0                             bank0         0000
__Hbank1                             bank1         0000
__Hbank10                            bank10        0000
__Hbank11                            bank11        0000
__Hbank12                            bank12        0000
__Hbank13                            bank13        0000
__Hbank14                            bank14        0000
__Hbank2                             bank2         0000
__Hbank3                             bank3         0000
__Hbank4                             bank4         0000
__Hbank5                             bank5         0000
__Hbank6                             bank6         0000
__Hbank7                             bank7         0000
__Hbank8                             bank8         0000
__Hbank9                             bank9         0000
__Hbigbss                            bigbss        0000
__Hbigdata                           bigdata       0000
__Hbigram                            bigram        0000
__Hbss                               bss           0000
__HbssCOMRAM                         bssCOMRAM     0000
__Hcinit                             cinit         0000
__Hclrtext                           clrtext       0000
__Hcomram                            comram        0000
__Hconfig                            config        8000
__Hconst                             const         0000
__HcstackCOMRAM                      cstackCOMRAM  0000
__Hdata                              data          0000
__Hend_init                          end_init      013E
__Hfarbss                            farbss        0000
__Hfardata                           fardata       0000
__Hibigdata                          ibigdata      0000
__Hidata                             idata         0000
__Hidloc                             idloc         0000
__Hifardata                          ifardata      0000
__Hinit                              init          013A
__Hintcode                           intcode       013A
__Hintcode_body                      intcode_body  0000
__Hintcodelo                         intcodelo     013A
__Hintentry                          intentry      0000
__Hintret                            intret        0000
__Hintsave_regs                      intsave_regs  0000
__Hirdata                            irdata        0000
__Hjflash_buffer                     jflash_buffer 7800
__Hmediumconst                       mediumconst   0000
__Hnvbit                             nvbit         0000
__Hnvrram                            nvrram        0000
__Hparam                             rparam        0000
__Hpowerup                           powerup       013A
__Hram                               ram           0000
__Hramtop                            ramtop        0F00
__Hrbit                              rbit          0000
__Hrbss                              rbss          0000
__Hrdata                             rdata         0000
__Hreset_vec                         reset_vec     0004
__Hrparam                            rparam        0000
__Hsfr                               sfr           0000
__Hsmallconst                        smallconst    0000
__Hstruct                            struct        0000
__Htemp                              temp          0000
__Htext                              text          0000
__Htext0                             text0         0000
__Htext1                             text1         0000
__LRAM                               (abs)         0001
__Labs1                              abs1          0000
__Lbank0                             bank0         0000
__Lbank1                             bank1         0000
__Lbank10                            bank10        0000
__Lbank11                            bank11        0000
__Lbank12                            bank12        0000
__Lbank13                            bank13        0000
__Lbank14                            bank14        0000
__Lbank2                             bank2         0000
__Lbank3                             bank3         0000
__Lbank4                             bank4         0000
__Lbank5                             bank5         0000
__Lbank6                             bank6         0000
__Lbank7                             bank7         0000
__Lbank8                             bank8         0000
__Lbank9                             bank9         0000
__Lbigbss                            bigbss        0000
__Lbigdata                           bigdata       0000
__Lbigram                            bigram        0000
__Lbss                               bss           0000
__LbssCOMRAM                         bssCOMRAM     0000
__Lcinit                             cinit         0000
__Lclrtext                           clrtext       0000
__Lcomram                            comram        0000
__Lconfig                            config        7FF8
__Lconst                             const         0000
__LcstackCOMRAM                      cstackCOMRAM  0000
__Ldata                              data          0000
__Lend_init                          end_init      013A
__Lfarbss                            farbss        0000
__Lfardata                           fardata       0000
__Libigdata                          ibigdata      0000
__Lidata                             idata         0000
__Lidloc                             idloc         0000
__Lifardata                          ifardata      0000
__Linit                              init          013A
__Lintcode                           intcode       0008
__Lintcode_body                      intcode_body  0000
__Lintcodelo                         intcodelo     013A
__Lintentry                          intentry      0000
__Lintret                            intret        0000
__Lintsave_regs                      intsave_regs  0000
__Lirdata                            irdata        0000
__Ljflash_buffer                     jflash_buffer 7800
__Lmediumconst                       mediumconst   0000
__Lnvbit                             nvbit         0000
__Lnvrram                            nvrram        0000
__Lparam                             rparam        0000
__Lpowerup                           powerup       013A
__Lram                               ram           0000
__Lramtop                            ramtop        0F00
__Lrbit                              rbit          0000
__Lrbss                              rbss          0000
__Lrdata                             rdata         0000
__Lreset_vec                         reset_vec     0000
__Lrparam                            rparam        0000
__Lsfr                               sfr           0000
__Lsmallconst                        smallconst    0000
__Lstruct                            struct        0000
__Ltemp                              temp          0000
__Ltext                              text          0000
__Ltext0                             text0         0000
__Ltext1                             text1         0000
__S0                                 (abs)         8000
__S1                                 (abs)         001F
__accesstop                          (abs)         0060
__activetblptr                       (abs)         0000
__end_of__initialization             cinit         0170
__end_of_init                        text1         0160
__end_of_ir_toggle_interrupt         intcode       013A
__end_of_loop_delay_timer_interrupt  intcode       00B0
__end_of_main                        text0         016C
__initialization                     cinit         016C
__mediumconst                        mediumconst   0000
__pbssCOMRAM                         bssCOMRAM     001D
__pcinit                             cinit         016C
__pcstackCOMRAM                      cstackCOMRAM  0001
__pintcode                           intcode       0008
__ptext0                             text0         0160
__ptext1                             text1         013E
__ramtop                             ramtop        0F00
__size_of_init                       (abs)         0000
__size_of_ir_toggle_interrupt        (abs)         0000
__size_of_loop_delay_timer_interrupt (abs)         0000
__size_of_main                       (abs)         0000
__smallconst                         smallconst    0000
_init                                text1         013E
_ir_toggle_interrupt                 intcode       00B0
_loop_delay_timer_interrupt          intcode       0008
_loop_delay_value                    bssCOMRAM     001D
_main                                text0         0160
end_of_initialization                cinit         0170
intlevel0                            text          0000
intlevel1                            text          0000
intlevel2                            text          0000
intlevel3                            text          0000
start                                init          013A
start_initialization                 cinit         016C


FUNCTION INFORMATION:

 *************** function _main *****************
 Defined at:
		line 23 in file "main.c"
 Parameters:    Size  Location     Type
		None
 Auto vars:     Size  Location     Type
		None
 Return value:  Size  Location     Type
                  2  172[COMRAM] int 
 Registers used:
		wreg, status,2, cstack
 Tracked objects:
		On entry : 
		On exit  : 
		Unchanged: 
 Data sizes:     COMRAM   BANK0   BANK1   BANK2   BANK3   BANK4   BANK5   BANK6   BANK7   BANK8   BANK9  BANK10  BANK11  BANK12  BANK13  BANK14
      Params:         0       0       0       0       0       0       0       0       0       0       0       0       0       0       0       0
      Locals:         0       0       0       0       0       0       0       0       0       0       0       0       0       0       0       0
      Temps:          0       0       0       0       0       0       0       0       0       0       0       0       0       0       0       0
      Totals:         0       0       0       0       0       0       0       0       0       0       0       0       0       0       0       0
Total ram usage:        0 bytes
 Hardware stack levels required when called:    2
 This function calls:
		_init
 This function is called by:
		Startup code after reset
 This function uses a non-reentrant model


 *************** function _init *****************
 Defined at:
		line 9 in file "config/board_config.c"
 Parameters:    Size  Location     Type
		None
 Auto vars:     Size  Location     Type
		None
 Return value:  Size  Location     Type
		None               void
 Registers used:
		wreg, status,2
 Tracked objects:
		On entry : 
		On exit  : 
		Unchanged: 
 Data sizes:     COMRAM   BANK0   BANK1   BANK2   BANK3   BANK4   BANK5   BANK6   BANK7   BANK8   BANK9  BANK10  BANK11  BANK12  BANK13  BANK14
      Params:         0       0       0       0       0       0       0       0       0       0       0       0       0       0       0       0
      Locals:         0       0       0       0       0       0       0       0       0       0       0       0       0       0       0       0
      Temps:          0       0       0       0       0       0       0       0       0       0       0       0       0       0       0       0
      Totals:         0       0       0       0       0       0       0       0       0       0       0       0       0       0       0       0
Total ram usage:        0 bytes
 Hardware stack levels used:    1
 Hardware stack levels required when called:    1
 This function calls:
		Nothing
 This function is called by:
		_main
 This function uses a non-reentrant model


 *************** function _loop_delay_timer_interrupt *****************
 Defined at:
		line 21 in file "utils/loopdelay.c"
 Parameters:    Size  Location     Type
		None
 Auto vars:     Size  Location     Type
		None
 Return value:  Size  Location     Type
		None               void
 Registers used:
		wreg, status,2, status,0
 Tracked objects:
		On entry : 
		On exit  : 
		Unchanged: 
 Data sizes:     COMRAM   BANK0   BANK1   BANK2   BANK3   BANK4   BANK5   BANK6   BANK7   BANK8   BANK9  BANK10  BANK11  BANK12  BANK13  BANK14
      Params:         0       0       0       0       0       0       0       0       0       0       0       0       0       0       0       0
      Locals:         0       0       0       0       0       0       0       0       0       0       0       0       0       0       0       0
      Temps:         14       0       0       0       0       0       0       0       0       0       0       0       0       0       0       0
      Totals:        14       0       0       0       0       0       0       0       0       0       0       0       0       0       0       0
Total ram usage:       14 bytes
 Hardware stack levels used:    1
 This function calls:
		Nothing
 This function is called by:
		Interrupt level 2
 This function uses a non-reentrant model


 *************** function _ir_toggle_interrupt *****************
 Defined at:
		line 17 in file "driver/ir_led.c"
 Parameters:    Size  Location     Type
		None
 Auto vars:     Size  Location     Type
		None
 Return value:  Size  Location     Type
		None               void
 Registers used:
		None
 Tracked objects:
		On entry : 
		On exit  : 
		Unchanged: 
 Data sizes:     COMRAM   BANK0   BANK1   BANK2   BANK3   BANK4   BANK5   BANK6   BANK7   BANK8   BANK9  BANK10  BANK11  BANK12  BANK13  BANK14
      Params:         0       0       0       0       0       0       0       0       0       0       0       0       0       0       0       0
      Locals:         0       0       0       0       0       0       0       0       0       0       0       0       0       0       0       0
      Temps:         14       0       0       0       0       0       0       0       0       0       0       0       0       0       0       0
      Totals:        14       0       0       0       0       0       0       0       0       0       0       0       0       0       0       0
Total ram usage:       14 bytes
 Hardware stack levels used:    1
 This function calls:
		Nothing
 This function is called by:
		Interrupt level 2
 This function uses a non-reentrant model



MODULE INFORMATION

Module		Function		Class		Link	Load	Size
driver/ir_led.c
		_ir_toggle_inte		CODE           	00B0	0000	138

driver/ir_led.c estimated size: 138

shared
		__initializatio		CODE           	016C	0000	4

shared estimated size: 4

main.c
		_main          		CODE           	0160	0000	12

main.c estimated size: 12

utils/loopdelay.c
		_loop_delay_tim		CODE           	0008	0000	168

utils/loopdelay.c estimated size: 168

config/board_config.c
		_init          		CODE           	013E	0000	34

config/board_config.c estimated size: 34

